12-05 03:09:34.871 23343 23362 I TestRunner: started: order_snackbar(com.example.lunchtray.OrderFunctionalityTests)
12-05 03:09:34.875 23343 23343 D LifecycleMonitor: Lifecycle status change: com.example.lunchtray.MainActivity@d8d8abf in: DESTROYED
12-05 03:09:34.875 23343 23343 V ActivityScenario: Update currentActivityStage to DESTROYED, currentActivity=null
12-05 03:09:34.875 23343 23343 V ActivityScenario: Update currentActivityStage to DESTROYED, currentActivity=null
12-05 03:09:34.879   583  1950 W InputManager-JNI: Input channel object 'fe88fc com.example.lunchtray/com.example.lunchtray.MainActivity (client)' was disposed without first being removed with the input manager!
12-05 03:09:34.892 23343 23362 W Settings: Setting always_finish_activities has moved from android.provider.Settings.System to android.provider.Settings.Global, returning read-only value.
12-05 03:09:34.920   763   853 D SplashScreenView: Build android.window.SplashScreenView{58e3c68 V.E...... ......ID 0,0-0,0}
12-05 03:09:34.920   763   853 D SplashScreenView: Icon: view: null drawable: null size: 0
12-05 03:09:34.920   763   853 D SplashScreenView: Branding: view: android.view.View{4679881 G.ED..... ......I. 0,0-0,0 #10204a6 android:id/splashscreen_branding_view} drawable: null size w: 0 h: 0
12-05 03:09:34.952 23343 23343 D LifecycleMonitor: Lifecycle status change: androidx.test.core.app.InstrumentationActivityInvoker$BootstrapActivity@b2b922d in: PRE_ON_CREATE
12-05 03:09:34.952 23343 23343 V ActivityScenario: Activity lifecycle changed event received but ignored because the intent does not match. startActivityIntent=Intent { act=android.intent.action.MAIN cat=[android.intent.category.LAUNCHER] cmp=com.example.lunchtray/.MainActivity }, activity.getIntent()=Intent { act=android.intent.action.MAIN cat=[android.intent.category.LAUNCHER] flg=0x10008000 cmp=com.example.lunchtray/androidx.test.core.app.InstrumentationActivityInvoker$BootstrapActivity (has extras) }, activity=androidx.test.core.app.InstrumentationActivityInvoker$BootstrapActivity@b2b922d
12-05 03:09:34.953 23343 23343 V ActivityScenario: Activity lifecycle changed event received but ignored because the intent does not match. startActivityIntent=Intent { act=android.intent.action.MAIN cat=[android.intent.category.LAUNCHER] cmp=com.example.lunchtray/.MainActivity }, activity.getIntent()=Intent { act=android.intent.action.MAIN cat=[android.intent.category.LAUNCHER] flg=0x10008000 cmp=com.example.lunchtray/androidx.test.core.app.InstrumentationActivityInvoker$BootstrapActivity (has extras) }, activity=androidx.test.core.app.InstrumentationActivityInvoker$BootstrapActivity@b2b922d
12-05 03:09:34.953 23343 23343 V ActivityScenario: Activity lifecycle changed event received but ignored because the intent does not match. startActivityIntent=Intent { act=android.intent.action.MAIN cat=[android.intent.category.LAUNCHER] cmp=com.example.lunchtray/.MainActivity }, activity.getIntent()=Intent { act=android.intent.action.MAIN cat=[android.intent.category.LAUNCHER] flg=0x10008000 cmp=com.example.lunchtray/androidx.test.core.app.InstrumentationActivityInvoker$BootstrapActivity (has extras) }, activity=androidx.test.core.app.InstrumentationActivityInvoker$BootstrapActivity@b2b922d
12-05 03:09:34.954   362   422 D goldfish-address-space: claimShared: Ask to claim region [0x3f0000000 0x3f09a4000]
12-05 03:09:34.965   362   422 D goldfish-address-space: claimShared: Ask to claim region [0x3f1974000 0x3f2318000]
12-05 03:09:34.970 23343 23343 D LifecycleMonitor: Lifecycle status change: androidx.test.core.app.InstrumentationActivityInvoker$BootstrapActivity@b2b922d in: CREATED
12-05 03:09:34.971 23343 23343 V ActivityScenario: Activity lifecycle changed event received but ignored because the intent does not match. startActivityIntent=Intent { act=android.intent.action.MAIN cat=[android.intent.category.LAUNCHER] cmp=com.example.lunchtray/.MainActivity }, activity.getIntent()=Intent { act=android.intent.action.MAIN cat=[android.intent.category.LAUNCHER] flg=0x10008000 cmp=com.example.lunchtray/androidx.test.core.app.InstrumentationActivityInvoker$BootstrapActivity (has extras) }, activity=androidx.test.core.app.InstrumentationActivityInvoker$BootstrapActivity@b2b922d
12-05 03:09:34.971 23343 23343 V ActivityScenario: Activity lifecycle changed event received but ignored because the intent does not match. startActivityIntent=Intent { act=android.intent.action.MAIN cat=[android.intent.category.LAUNCHER] cmp=com.example.lunchtray/.MainActivity }, activity.getIntent()=Intent { act=android.intent.action.MAIN cat=[android.intent.category.LAUNCHER] flg=0x10008000 cmp=com.example.lunchtray/androidx.test.core.app.InstrumentationActivityInvoker$BootstrapActivity (has extras) }, activity=androidx.test.core.app.InstrumentationActivityInvoker$BootstrapActivity@b2b922d
12-05 03:09:34.972   362   422 D goldfish-address-space: claimShared: Ask to claim region [0x3f2318000 0x3f2cbc000]
12-05 03:09:34.975 23343 23343 V ActivityScenario: Activity lifecycle changed event received but ignored because the intent does not match. startActivityIntent=Intent { act=android.intent.action.MAIN cat=[android.intent.category.LAUNCHER] cmp=com.example.lunchtray/.MainActivity }, activity.getIntent()=Intent { act=android.intent.action.MAIN cat=[android.intent.category.LAUNCHER] flg=0x10008000 cmp=com.example.lunchtray/androidx.test.core.app.InstrumentationActivityInvoker$BootstrapActivity (has extras) }, activity=androidx.test.core.app.InstrumentationActivityInvoker$BootstrapActivity@b2b922d
12-05 03:09:34.978 23343 23343 D LifecycleMonitor: Lifecycle status change: androidx.test.core.app.InstrumentationActivityInvoker$BootstrapActivity@b2b922d in: STARTED
12-05 03:09:34.979 23343 23343 V ActivityScenario: Activity lifecycle changed event received but ignored because the intent does not match. startActivityIntent=Intent { act=android.intent.action.MAIN cat=[android.intent.category.LAUNCHER] cmp=com.example.lunchtray/.MainActivity }, activity.getIntent()=Intent { act=android.intent.action.MAIN cat=[android.intent.category.LAUNCHER] flg=0x10008000 cmp=com.example.lunchtray/androidx.test.core.app.InstrumentationActivityInvoker$BootstrapActivity (has extras) }, activity=androidx.test.core.app.InstrumentationActivityInvoker$BootstrapActivity@b2b922d
12-05 03:09:34.980 23343 23343 V ActivityScenario: Activity lifecycle changed event received but ignored because the intent does not match. startActivityIntent=Intent { act=android.intent.action.MAIN cat=[android.intent.category.LAUNCHER] cmp=com.example.lunchtray/.MainActivity }, activity.getIntent()=Intent { act=android.intent.action.MAIN cat=[android.intent.category.LAUNCHER] flg=0x10008000 cmp=com.example.lunchtray/androidx.test.core.app.InstrumentationActivityInvoker$BootstrapActivity (has extras) }, activity=androidx.test.core.app.InstrumentationActivityInvoker$BootstrapActivity@b2b922d
12-05 03:09:34.981 23343 23343 V ActivityScenario: Activity lifecycle changed event received but ignored because the intent does not match. startActivityIntent=Intent { act=android.intent.action.MAIN cat=[android.intent.category.LAUNCHER] cmp=com.example.lunchtray/.MainActivity }, activity.getIntent()=Intent { act=android.intent.action.MAIN cat=[android.intent.category.LAUNCHER] flg=0x10008000 cmp=com.example.lunchtray/androidx.test.core.app.InstrumentationActivityInvoker$BootstrapActivity (has extras) }, activity=androidx.test.core.app.InstrumentationActivityInvoker$BootstrapActivity@b2b922d
12-05 03:09:35.007 23343 23343 D LifecycleMonitor: Lifecycle status change: androidx.test.core.app.InstrumentationActivityInvoker$BootstrapActivity@b2b922d in: RESUMED
12-05 03:09:35.008 23343 23343 V ActivityScenario: Activity lifecycle changed event received but ignored because the intent does not match. startActivityIntent=Intent { act=android.intent.action.MAIN cat=[android.intent.category.LAUNCHER] cmp=com.example.lunchtray/.MainActivity }, activity.getIntent()=Intent { act=android.intent.action.MAIN cat=[android.intent.category.LAUNCHER] flg=0x10008000 cmp=com.example.lunchtray/androidx.test.core.app.InstrumentationActivityInvoker$BootstrapActivity (has extras) }, activity=androidx.test.core.app.InstrumentationActivityInvoker$BootstrapActivity@b2b922d
12-05 03:09:35.009 23343 23343 V ActivityScenario: Activity lifecycle changed event received but ignored because the intent does not match. startActivityIntent=Intent { act=android.intent.action.MAIN cat=[android.intent.category.LAUNCHER] cmp=com.example.lunchtray/.MainActivity }, activity.getIntent()=Intent { act=android.intent.action.MAIN cat=[android.intent.category.LAUNCHER] flg=0x10008000 cmp=com.example.lunchtray/androidx.test.core.app.InstrumentationActivityInvoker$BootstrapActivity (has extras) }, activity=androidx.test.core.app.InstrumentationActivityInvoker$BootstrapActivity@b2b922d
12-05 03:09:35.009 23343 23343 V ActivityScenario: Activity lifecycle changed event received but ignored because the intent does not match. startActivityIntent=Intent { act=android.intent.action.MAIN cat=[android.intent.category.LAUNCHER] cmp=com.example.lunchtray/.MainActivity }, activity.getIntent()=Intent { act=android.intent.action.MAIN cat=[android.intent.category.LAUNCHER] flg=0x10008000 cmp=com.example.lunchtray/androidx.test.core.app.InstrumentationActivityInvoker$BootstrapActivity (has extras) }, activity=androidx.test.core.app.InstrumentationActivityInvoker$BootstrapActivity@b2b922d
12-05 03:09:35.021 23343 23343 D LifecycleMonitor: Lifecycle status change: androidx.test.core.app.InstrumentationActivityInvoker$BootstrapActivity@b2b922d in: PAUSED
12-05 03:09:35.022 23343 23343 V ActivityScenario: Activity lifecycle changed event received but ignored because the intent does not match. startActivityIntent=Intent { act=android.intent.action.MAIN cat=[android.intent.category.LAUNCHER] cmp=com.example.lunchtray/.MainActivity }, activity.getIntent()=Intent { act=android.intent.action.MAIN cat=[android.intent.category.LAUNCHER] flg=0x10008000 cmp=com.example.lunchtray/androidx.test.core.app.InstrumentationActivityInvoker$BootstrapActivity (has extras) }, activity=androidx.test.core.app.InstrumentationActivityInvoker$BootstrapActivity@b2b922d
12-05 03:09:35.023 23343 23343 V ActivityScenario: Activity lifecycle changed event received but ignored because the intent does not match. startActivityIntent=Intent { act=android.intent.action.MAIN cat=[android.intent.category.LAUNCHER] cmp=com.example.lunchtray/.MainActivity }, activity.getIntent()=Intent { act=android.intent.action.MAIN cat=[android.intent.category.LAUNCHER] flg=0x10008000 cmp=com.example.lunchtray/androidx.test.core.app.InstrumentationActivityInvoker$BootstrapActivity (has extras) }, activity=androidx.test.core.app.InstrumentationActivityInvoker$BootstrapActivity@b2b922d
12-05 03:09:35.024 23343 23343 V ActivityScenario: Activity lifecycle changed event received but ignored because the intent does not match. startActivityIntent=Intent { act=android.intent.action.MAIN cat=[android.intent.category.LAUNCHER] cmp=com.example.lunchtray/.MainActivity }, activity.getIntent()=Intent { act=android.intent.action.MAIN cat=[android.intent.category.LAUNCHER] flg=0x10008000 cmp=com.example.lunchtray/androidx.test.core.app.InstrumentationActivityInvoker$BootstrapActivity (has extras) }, activity=androidx.test.core.app.InstrumentationActivityInvoker$BootstrapActivity@b2b922d
12-05 03:09:35.037  1421  1421 I GsaVoiceInteractionSrv: Handling ACTION_STOP_HOTWORD
12-05 03:09:35.038  1421  1421 E HwDetectorWithState: a: 3
12-05 03:09:35.073 23343 23343 D LifecycleMonitor: Lifecycle status change: com.example.lunchtray.MainActivity@3d9954f in: PRE_ON_CREATE
12-05 03:09:35.077 23343 23343 V ActivityScenario: Activity lifecycle changed event received but ignored because the reported transition was not ON_CREATE while the last known transition was DESTROYED
12-05 03:09:35.079 23343 23343 V ActivityScenario: Activity lifecycle changed event received but ignored because the reported transition was not ON_CREATE while the last known transition was DESTROYED
12-05 03:09:35.079 23343 23343 V ActivityScenario: Activity lifecycle changed event received but ignored because the reported transition was not ON_CREATE while the last known transition was PRE_ON_CREATE
12-05 03:09:35.125 23343 23343 D LifecycleMonitor: Lifecycle status change: com.example.lunchtray.MainActivity@3d9954f in: CREATED
12-05 03:09:35.125 23343 23343 V ActivityScenario: Update currentActivityStage to CREATED, currentActivity=com.example.lunchtray.MainActivity@3d9954f
12-05 03:09:35.126 23343 23343 V ActivityScenario: Update currentActivityStage to CREATED, currentActivity=com.example.lunchtray.MainActivity@3d9954f
12-05 03:09:35.126 23343 23343 V ActivityScenario: Update currentActivityStage to CREATED, currentActivity=com.example.lunchtray.MainActivity@3d9954f
12-05 03:09:35.142 23343 23343 D LifecycleMonitor: Lifecycle status change: com.example.lunchtray.MainActivity@3d9954f in: STARTED
12-05 03:09:35.142 23343 23343 V ActivityScenario: Update currentActivityStage to STARTED, currentActivity=com.example.lunchtray.MainActivity@3d9954f
12-05 03:09:35.142 23343 23343 V ActivityScenario: Update currentActivityStage to STARTED, currentActivity=com.example.lunchtray.MainActivity@3d9954f
12-05 03:09:35.143 23343 23343 V ActivityScenario: Update currentActivityStage to STARTED, currentActivity=com.example.lunchtray.MainActivity@3d9954f
12-05 03:09:35.145 23343 23343 D LifecycleMonitor: Lifecycle status change: com.example.lunchtray.MainActivity@3d9954f in: RESUMED
12-05 03:09:35.146 23343 23343 V ActivityScenario: Update currentActivityStage to RESUMED, currentActivity=com.example.lunchtray.MainActivity@3d9954f
12-05 03:09:35.147 23343 23343 V ActivityScenario: Update currentActivityStage to RESUMED, currentActivity=com.example.lunchtray.MainActivity@3d9954f
12-05 03:09:35.148 23343 23343 V ActivityScenario: Update currentActivityStage to RESUMED, currentActivity=com.example.lunchtray.MainActivity@3d9954f
12-05 03:09:35.184   362   422 D goldfish-address-space: claimShared: Ask to claim region [0x3f8000000 0x3f89a4000]
12-05 03:09:35.188   362   422 D goldfish-address-space: claimShared: Ask to claim region [0x3f89a4000 0x3f9348000]
12-05 03:09:35.190   362   422 D goldfish-address-space: claimShared: Ask to claim region [0x3f9348000 0x3f9cec000]
12-05 03:09:35.215   583   602 I ActivityTaskManager: Displayed com.example.lunchtray/.MainActivity: +306ms
12-05 03:09:35.228  1327  1327 I GoogleInputMethodService: GoogleInputMethodService.onFinishInput():3420
12-05 03:09:35.228  1327  1327 I GoogleInputMethodService: GoogleInputMethodService.onStartInput():2002
12-05 03:09:35.230  1327  1327 I DeviceUnlockedTag: DeviceUnlockedTag.notifyDeviceLockStatusChanged():31 Notify device unlocked.
12-05 03:09:35.253 23343 23343 I ViewInteraction: Performing 'single click' action on view view.getId() is <2131231208/com.example.lunchtray:id/start_order_btn>
12-05 03:09:35.289 23343 23343 D LifecycleMonitor: Lifecycle status change: androidx.test.core.app.InstrumentationActivityInvoker$BootstrapActivity@b2b922d in: STOPPED
12-05 03:09:35.290 23343 23343 V ActivityScenario: Activity lifecycle changed event received but ignored because the intent does not match. startActivityIntent=Intent { act=android.intent.action.MAIN cat=[android.intent.category.LAUNCHER] cmp=com.example.lunchtray/.MainActivity }, activity.getIntent()=Intent { act=android.intent.action.MAIN cat=[android.intent.category.LAUNCHER] flg=0x10008000 cmp=com.example.lunchtray/androidx.test.core.app.InstrumentationActivityInvoker$BootstrapActivity (has extras) }, activity=androidx.test.core.app.InstrumentationActivityInvoker$BootstrapActivity@b2b922d
12-05 03:09:35.292 23343 23343 V ActivityScenario: Activity lifecycle changed event received but ignored because the intent does not match. startActivityIntent=Intent { act=android.intent.action.MAIN cat=[android.intent.category.LAUNCHER] cmp=com.example.lunchtray/.MainActivity }, activity.getIntent()=Intent { act=android.intent.action.MAIN cat=[android.intent.category.LAUNCHER] flg=0x10008000 cmp=com.example.lunchtray/androidx.test.core.app.InstrumentationActivityInvoker$BootstrapActivity (has extras) }, activity=androidx.test.core.app.InstrumentationActivityInvoker$BootstrapActivity@b2b922d
12-05 03:09:35.293 23343 23343 V ActivityScenario: Activity lifecycle changed event received but ignored because the intent does not match. startActivityIntent=Intent { act=android.intent.action.MAIN cat=[android.intent.category.LAUNCHER] cmp=com.example.lunchtray/.MainActivity }, activity.getIntent()=Intent { act=android.intent.action.MAIN cat=[android.intent.category.LAUNCHER] flg=0x10008000 cmp=com.example.lunchtray/androidx.test.core.app.InstrumentationActivityInvoker$BootstrapActivity (has extras) }, activity=androidx.test.core.app.InstrumentationActivityInvoker$BootstrapActivity@b2b922d
12-05 03:09:35.329  1703  1703 I A       : onApplyWindowInsets: systemWindowInsets=Insets{left=0, top=145, right=0, bottom=132}
12-05 03:09:35.331  1703  1703 I A       : onApplyWindowInsets: Adjusting for display cutouts. Safe insets: left=0, top=136, right=0, bottom=0
12-05 03:09:35.338  1703  1703 I A       : onApplyWindowInsets: systemWindowInsets=Insets{left=0, top=145, right=0, bottom=132}
12-05 03:09:35.396   390   390 W SurfaceFlinger: couldn't log to binary event log: overflow.
12-05 03:09:35.398   390   390 W SurfaceFlinger: couldn't log to binary event log: overflow.
12-05 03:09:35.492   763   862 D EGL_emulation: app_time_stats: avg=44.34ms min=5.82ms max=632.90ms count=21
12-05 03:09:35.543   583  1950 W InputManager-JNI: Input channel object '7ba8d8e Splash Screen com.example.lunchtray (client)' was disposed without first being removed with the input manager!
12-05 03:09:35.706 23343 23343 I ViewInteraction: Performing 'single click' action on view view.getId() is <2131230844/com.example.lunchtray:id/cauliflower>
12-05 03:09:35.779 23343 23343 I OrderViewModel: tax:0.56
12-05 03:09:35.779 23343 23343 I OrderViewModel: total:7.5600000000000005
12-05 03:09:35.780 23343 23343 I OrderViewModel: subtotal:7.0
12-05 03:09:35.780 23343 23343 I OrderViewModel: entree value:MenuItem(name=Cauliflower, description=Whole cauliflower, brined, roasted, and deep fried, price=7.0, type=1)
12-05 03:09:36.015 23343 23343 I ViewInteraction: Performing 'single click' action on view view.getId() is <2131231081/com.example.lunchtray:id/next_button>
12-05 03:09:36.235 23343 23364 D EGL_emulation: app_time_stats: avg=19.52ms min=3.51ms max=218.06ms count=48
12-05 03:09:36.435 23343 23343 I ViewInteraction: Performing 'single click' action on view view.getId() is <2131231138/com.example.lunchtray:id/salad>
12-05 03:09:36.507   763   862 D EGL_emulation: app_time_stats: avg=2.70ms min=1.57ms max=5.53ms count=61
12-05 03:09:36.511 23343 23343 I OrderViewModel: tax:0.76
12-05 03:09:36.512 23343 23343 I OrderViewModel: total:10.26
12-05 03:09:36.514 23343 23343 I OrderViewModel: subtotal:9.5
12-05 03:09:36.515 23343 23343 I OrderViewModel: side value:MenuItem(name=Summer Salad, description=Heirloom tomatoes, butter lettuce, peaches, avocado, balsamic dressing, price=2.5, type=2)
12-05 03:09:36.747 23343 23343 I ViewInteraction: Performing 'single click' action on view view.getId() is <2131231081/com.example.lunchtray:id/next_button>
12-05 03:09:37.123 23343 23343 I ViewInteraction: Performing 'single click' action on view view.getId() is <2131230835/com.example.lunchtray:id/bread>
12-05 03:09:37.194 23343 23343 I OrderViewModel: tax:0.8
12-05 03:09:37.195 23343 23343 I OrderViewModel: total:10.8
12-05 03:09:37.195 23343 23343 I OrderViewModel: subtotal:10.0
12-05 03:09:37.195 23343 23343 I OrderViewModel: accompaniment value:MenuItem(name=Lunch Roll, description=Fresh baked roll made in house, price=0.5, type=3)
12-05 03:09:37.246 23343 23364 D EGL_emulation: app_time_stats: avg=26.92ms min=7.06ms max=221.25ms count=37
12-05 03:09:37.437 23343 23343 I ViewInteraction: Performing 'single click' action on view view.getId() is <2131231081/com.example.lunchtray:id/next_button>
12-05 03:09:37.571 23343 23343 I OrderViewModel: tax:0.8
12-05 03:09:37.572 23343 23343 I OrderViewModel: total:10.8
12-05 03:09:37.879 23343 23343 I ViewInteraction: Performing 'single click' action on view view.getId() is <2131231216/com.example.lunchtray:id/submit_button>
12-05 03:09:38.273 23343 23343 I ViewInteraction: Checking 'MatchesViewAssertion{viewMatcher=(view has effective visibility <VISIBLE> and view.getGlobalVisibleRect() to return non-empty rectangle)}' assertion on view an instance of android.widget.TextView and view.getText() with or without transformation to match: a string containing "Order Submitted!"
12-05 03:09:38.274 23343 23362 I TestRunner: finished: order_snackbar(com.example.lunchtray.OrderFunctionalityTests)
