12-05 03:09:31.151 23343 23362 I TestRunner: started: subtotal_updates_in_full_order_flow(com.example.lunchtray.OrderFunctionalityTests)
12-05 03:09:31.164 23343 23362 W Settings: Setting always_finish_activities has moved from android.provider.Settings.System to android.provider.Settings.Global, returning read-only value.
12-05 03:09:31.187   763   853 D SplashScreenView: Build android.window.SplashScreenView{a635350 V.E...... ......ID 0,0-0,0}
12-05 03:09:31.187   763   853 D SplashScreenView: Icon: view: null drawable: null size: 0
12-05 03:09:31.187   763   853 D SplashScreenView: Branding: view: android.view.View{f8d0949 G.ED..... ......I. 0,0-0,0 #10204a6 android:id/splashscreen_branding_view} drawable: null size w: 0 h: 0
12-05 03:09:31.216 23343 23343 D LifecycleMonitor: Lifecycle status change: androidx.test.core.app.InstrumentationActivityInvoker$BootstrapActivity@bcfef1d in: PRE_ON_CREATE
12-05 03:09:31.217 23343 23343 V ActivityScenario: Activity lifecycle changed event received but ignored because the intent does not match. startActivityIntent=Intent { act=android.intent.action.MAIN cat=[android.intent.category.LAUNCHER] cmp=com.example.lunchtray/.MainActivity }, activity.getIntent()=Intent { act=android.intent.action.MAIN cat=[android.intent.category.LAUNCHER] flg=0x10008000 cmp=com.example.lunchtray/androidx.test.core.app.InstrumentationActivityInvoker$BootstrapActivity (has extras) }, activity=androidx.test.core.app.InstrumentationActivityInvoker$BootstrapActivity@bcfef1d
12-05 03:09:31.218 23343 23343 V ActivityScenario: Activity lifecycle changed event received but ignored because the intent does not match. startActivityIntent=Intent { act=android.intent.action.MAIN cat=[android.intent.category.LAUNCHER] cmp=com.example.lunchtray/.MainActivity }, activity.getIntent()=Intent { act=android.intent.action.MAIN cat=[android.intent.category.LAUNCHER] flg=0x10008000 cmp=com.example.lunchtray/androidx.test.core.app.InstrumentationActivityInvoker$BootstrapActivity (has extras) }, activity=androidx.test.core.app.InstrumentationActivityInvoker$BootstrapActivity@bcfef1d
12-05 03:09:31.229   362   424 D goldfish-address-space: claimShared: Ask to claim region [0x3f09a4000 0x3f1348000]
12-05 03:09:31.242 23343 23343 D LifecycleMonitor: Lifecycle status change: androidx.test.core.app.InstrumentationActivityInvoker$BootstrapActivity@bcfef1d in: CREATED
12-05 03:09:31.242 23343 23343 V ActivityScenario: Activity lifecycle changed event received but ignored because the intent does not match. startActivityIntent=Intent { act=android.intent.action.MAIN cat=[android.intent.category.LAUNCHER] cmp=com.example.lunchtray/.MainActivity }, activity.getIntent()=Intent { act=android.intent.action.MAIN cat=[android.intent.category.LAUNCHER] flg=0x10008000 cmp=com.example.lunchtray/androidx.test.core.app.InstrumentationActivityInvoker$BootstrapActivity (has extras) }, activity=androidx.test.core.app.InstrumentationActivityInvoker$BootstrapActivity@bcfef1d
12-05 03:09:31.245 23343 23343 V ActivityScenario: Activity lifecycle changed event received but ignored because the intent does not match. startActivityIntent=Intent { act=android.intent.action.MAIN cat=[android.intent.category.LAUNCHER] cmp=com.example.lunchtray/.MainActivity }, activity.getIntent()=Intent { act=android.intent.action.MAIN cat=[android.intent.category.LAUNCHER] flg=0x10008000 cmp=com.example.lunchtray/androidx.test.core.app.InstrumentationActivityInvoker$BootstrapActivity (has extras) }, activity=androidx.test.core.app.InstrumentationActivityInvoker$BootstrapActivity@bcfef1d
12-05 03:09:31.251 23343 23343 D LifecycleMonitor: Lifecycle status change: androidx.test.core.app.InstrumentationActivityInvoker$BootstrapActivity@bcfef1d in: STARTED
12-05 03:09:31.252 23343 23343 V ActivityScenario: Activity lifecycle changed event received but ignored because the intent does not match. startActivityIntent=Intent { act=android.intent.action.MAIN cat=[android.intent.category.LAUNCHER] cmp=com.example.lunchtray/.MainActivity }, activity.getIntent()=Intent { act=android.intent.action.MAIN cat=[android.intent.category.LAUNCHER] flg=0x10008000 cmp=com.example.lunchtray/androidx.test.core.app.InstrumentationActivityInvoker$BootstrapActivity (has extras) }, activity=androidx.test.core.app.InstrumentationActivityInvoker$BootstrapActivity@bcfef1d
12-05 03:09:31.253 23343 23343 V ActivityScenario: Activity lifecycle changed event received but ignored because the intent does not match. startActivityIntent=Intent { act=android.intent.action.MAIN cat=[android.intent.category.LAUNCHER] cmp=com.example.lunchtray/.MainActivity }, activity.getIntent()=Intent { act=android.intent.action.MAIN cat=[android.intent.category.LAUNCHER] flg=0x10008000 cmp=com.example.lunchtray/androidx.test.core.app.InstrumentationActivityInvoker$BootstrapActivity (has extras) }, activity=androidx.test.core.app.InstrumentationActivityInvoker$BootstrapActivity@bcfef1d
12-05 03:09:31.260   362   424 D goldfish-address-space: claimShared: Ask to claim region [0x3f4000000 0x3f49a4000]
12-05 03:09:31.264   362   424 D goldfish-address-space: claimShared: Ask to claim region [0x3f5348000 0x3f5cec000]
12-05 03:09:31.271 23343 23343 D LifecycleMonitor: Lifecycle status change: androidx.test.core.app.InstrumentationActivityInvoker$BootstrapActivity@bcfef1d in: RESUMED
12-05 03:09:31.272 23343 23343 V ActivityScenario: Activity lifecycle changed event received but ignored because the intent does not match. startActivityIntent=Intent { act=android.intent.action.MAIN cat=[android.intent.category.LAUNCHER] cmp=com.example.lunchtray/.MainActivity }, activity.getIntent()=Intent { act=android.intent.action.MAIN cat=[android.intent.category.LAUNCHER] flg=0x10008000 cmp=com.example.lunchtray/androidx.test.core.app.InstrumentationActivityInvoker$BootstrapActivity (has extras) }, activity=androidx.test.core.app.InstrumentationActivityInvoker$BootstrapActivity@bcfef1d
12-05 03:09:31.273 23343 23343 V ActivityScenario: Activity lifecycle changed event received but ignored because the intent does not match. startActivityIntent=Intent { act=android.intent.action.MAIN cat=[android.intent.category.LAUNCHER] cmp=com.example.lunchtray/.MainActivity }, activity.getIntent()=Intent { act=android.intent.action.MAIN cat=[android.intent.category.LAUNCHER] flg=0x10008000 cmp=com.example.lunchtray/androidx.test.core.app.InstrumentationActivityInvoker$BootstrapActivity (has extras) }, activity=androidx.test.core.app.InstrumentationActivityInvoker$BootstrapActivity@bcfef1d
12-05 03:09:31.291 23343 23343 D LifecycleMonitor: Lifecycle status change: androidx.test.core.app.InstrumentationActivityInvoker$BootstrapActivity@bcfef1d in: PAUSED
12-05 03:09:31.291 23343 23343 V ActivityScenario: Activity lifecycle changed event received but ignored because the intent does not match. startActivityIntent=Intent { act=android.intent.action.MAIN cat=[android.intent.category.LAUNCHER] cmp=com.example.lunchtray/.MainActivity }, activity.getIntent()=Intent { act=android.intent.action.MAIN cat=[android.intent.category.LAUNCHER] flg=0x10008000 cmp=com.example.lunchtray/androidx.test.core.app.InstrumentationActivityInvoker$BootstrapActivity (has extras) }, activity=androidx.test.core.app.InstrumentationActivityInvoker$BootstrapActivity@bcfef1d
12-05 03:09:31.292 23343 23343 V ActivityScenario: Activity lifecycle changed event received but ignored because the intent does not match. startActivityIntent=Intent { act=android.intent.action.MAIN cat=[android.intent.category.LAUNCHER] cmp=com.example.lunchtray/.MainActivity }, activity.getIntent()=Intent { act=android.intent.action.MAIN cat=[android.intent.category.LAUNCHER] flg=0x10008000 cmp=com.example.lunchtray/androidx.test.core.app.InstrumentationActivityInvoker$BootstrapActivity (has extras) }, activity=androidx.test.core.app.InstrumentationActivityInvoker$BootstrapActivity@bcfef1d
12-05 03:09:31.329  1703  1703 I A       : onApplyWindowInsets: systemWindowInsets=Insets{left=0, top=145, right=0, bottom=132}
12-05 03:09:31.330  1703  1703 I A       : onApplyWindowInsets: Adjusting for display cutouts. Safe insets: left=0, top=136, right=0, bottom=0
12-05 03:09:31.330  1703  1703 I A       : onApplyWindowInsets: systemWindowInsets=Insets{left=0, top=145, right=0, bottom=132}
12-05 03:09:31.342 23343 23343 D LifecycleMonitor: Lifecycle status change: com.example.lunchtray.MainActivity@d8d8abf in: PRE_ON_CREATE
12-05 03:09:31.342 23343 23343 V ActivityScenario: Activity lifecycle changed event received but ignored because the reported transition was not ON_CREATE while the last known transition was DESTROYED
12-05 03:09:31.343 23343 23343 V ActivityScenario: Activity lifecycle changed event received but ignored because the reported transition was not ON_CREATE while the last known transition was PRE_ON_CREATE
12-05 03:09:31.354  1421  1421 I GsaVoiceInteractionSrv: Handling ACTION_STOP_HOTWORD
12-05 03:09:31.354  1421  1421 E HwDetectorWithState: a: 3
12-05 03:09:31.380   390   390 W SurfaceFlinger: couldn't log to binary event log: overflow.
12-05 03:09:31.382   390   390 W SurfaceFlinger: couldn't log to binary event log: overflow.
12-05 03:09:31.411 23343 23343 D LifecycleMonitor: Lifecycle status change: com.example.lunchtray.MainActivity@d8d8abf in: CREATED
12-05 03:09:31.411 23343 23343 V ActivityScenario: Update currentActivityStage to CREATED, currentActivity=com.example.lunchtray.MainActivity@d8d8abf
12-05 03:09:31.412 23343 23343 V ActivityScenario: Update currentActivityStage to CREATED, currentActivity=com.example.lunchtray.MainActivity@d8d8abf
12-05 03:09:31.439 23343 23343 D LifecycleMonitor: Lifecycle status change: com.example.lunchtray.MainActivity@d8d8abf in: STARTED
12-05 03:09:31.439 23343 23343 V ActivityScenario: Update currentActivityStage to STARTED, currentActivity=com.example.lunchtray.MainActivity@d8d8abf
12-05 03:09:31.439 23343 23343 V ActivityScenario: Update currentActivityStage to STARTED, currentActivity=com.example.lunchtray.MainActivity@d8d8abf
12-05 03:09:31.441 23343 23343 D LifecycleMonitor: Lifecycle status change: com.example.lunchtray.MainActivity@d8d8abf in: RESUMED
12-05 03:09:31.441 23343 23343 V ActivityScenario: Update currentActivityStage to RESUMED, currentActivity=com.example.lunchtray.MainActivity@d8d8abf
12-05 03:09:31.442 23343 23343 V ActivityScenario: Update currentActivityStage to RESUMED, currentActivity=com.example.lunchtray.MainActivity@d8d8abf
12-05 03:09:31.483   362   424 D goldfish-address-space: claimShared: Ask to claim region [0x3f0000000 0x3f09a4000]
12-05 03:09:31.493   362   424 D goldfish-address-space: claimShared: Ask to claim region [0x3f1974000 0x3f2318000]
12-05 03:09:31.496   362   422 D goldfish-address-space: claimShared: Ask to claim region [0x3f2318000 0x3f2cbc000]
12-05 03:09:31.526 23343 23343 D RootViewPicker: Root not ready - waiting: 10ms for one to appear.
12-05 03:09:31.544 23343 23343 D RootViewPicker: Root not ready - waiting: 25ms for one to appear.
12-05 03:09:31.572  1327  1327 I GoogleInputMethodService: GoogleInputMethodService.onFinishInput():3420
12-05 03:09:31.572  1327  1327 I GoogleInputMethodService: GoogleInputMethodService.onStartInput():2002
12-05 03:09:31.574  1327  1327 I DeviceUnlockedTag: DeviceUnlockedTag.notifyDeviceLockStatusChanged():31 Notify device unlocked.
12-05 03:09:31.597 23343 23343 I ViewInteraction: Performing 'single click' action on view view.getId() is <2131231208/com.example.lunchtray:id/start_order_btn>
12-05 03:09:31.793   763   862 D EGL_emulation: app_time_stats: avg=18.78ms min=2.02ms max=288.88ms count=39
12-05 03:09:31.827 23343 23343 D LifecycleMonitor: Lifecycle status change: androidx.test.core.app.InstrumentationActivityInvoker$BootstrapActivity@bcfef1d in: STOPPED
12-05 03:09:31.831 23343 23343 V ActivityScenario: Activity lifecycle changed event received but ignored because the intent does not match. startActivityIntent=Intent { act=android.intent.action.MAIN cat=[android.intent.category.LAUNCHER] cmp=com.example.lunchtray/.MainActivity }, activity.getIntent()=Intent { act=android.intent.action.MAIN cat=[android.intent.category.LAUNCHER] flg=0x10008000 cmp=com.example.lunchtray/androidx.test.core.app.InstrumentationActivityInvoker$BootstrapActivity (has extras) }, activity=androidx.test.core.app.InstrumentationActivityInvoker$BootstrapActivity@bcfef1d
12-05 03:09:31.832 23343 23343 V ActivityScenario: Activity lifecycle changed event received but ignored because the intent does not match. startActivityIntent=Intent { act=android.intent.action.MAIN cat=[android.intent.category.LAUNCHER] cmp=com.example.lunchtray/.MainActivity }, activity.getIntent()=Intent { act=android.intent.action.MAIN cat=[android.intent.category.LAUNCHER] flg=0x10008000 cmp=com.example.lunchtray/androidx.test.core.app.InstrumentationActivityInvoker$BootstrapActivity (has extras) }, activity=androidx.test.core.app.InstrumentationActivityInvoker$BootstrapActivity@bcfef1d
12-05 03:09:31.855   583  1904 W InputManager-JNI: Input channel object '926540f Splash Screen com.example.lunchtray (client)' was disposed without first being removed with the input manager!
12-05 03:09:32.076 23343 23343 I ViewInteraction: Performing 'single click' action on view view.getId() is <2131230844/com.example.lunchtray:id/cauliflower>
12-05 03:09:32.144 23343 23343 I OrderViewModel: tax:0.56
12-05 03:09:32.145 23343 23343 I OrderViewModel: total:7.5600000000000005
12-05 03:09:32.146 23343 23343 I OrderViewModel: subtotal:7.0
12-05 03:09:32.147 23343 23343 I OrderViewModel: entree value:MenuItem(name=Cauliflower, description=Whole cauliflower, brined, roasted, and deep fried, price=7.0, type=1)
12-05 03:09:32.386 23343 23343 I ViewInteraction: Performing 'single click' action on view view.getId() is <2131231081/com.example.lunchtray:id/next_button>
12-05 03:09:32.525 23343 23364 D EGL_emulation: app_time_stats: avg=17.95ms min=2.81ms max=206.47ms count=49
12-05 03:09:32.803   763   862 D EGL_emulation: app_time_stats: avg=3.38ms min=1.44ms max=23.01ms count=61
12-05 03:09:32.828 23343 23343 I ViewInteraction: Performing 'single click' action on view view.getId() is <2131231138/com.example.lunchtray:id/salad>
12-05 03:09:32.890 23343 23343 I OrderViewModel: tax:0.76
12-05 03:09:32.890 23343 23343 I OrderViewModel: total:10.26
12-05 03:09:32.892 23343 23343 I OrderViewModel: subtotal:9.5
12-05 03:09:32.892 23343 23343 I OrderViewModel: side value:MenuItem(name=Summer Salad, description=Heirloom tomatoes, butter lettuce, peaches, avocado, balsamic dressing, price=2.5, type=2)
12-05 03:09:33.138 23343 23343 I ViewInteraction: Checking 'MatchesViewAssertion{viewMatcher=an instance of android.widget.TextView and view.getText() with or without transformation to match: a string containing "Subtotal: $9.50"}' assertion on view view.getId() is <2131231217/com.example.lunchtray:id/subtotal>
12-05 03:09:33.142 23343 23343 I ViewInteraction: Performing 'single click' action on view view.getId() is <2131231081/com.example.lunchtray:id/next_button>
12-05 03:09:33.534 23343 23343 I ViewInteraction: Performing 'single click' action on view view.getId() is <2131230835/com.example.lunchtray:id/bread>
12-05 03:09:33.603 23343 23364 D EGL_emulation: app_time_stats: avg=25.04ms min=2.96ms max=214.24ms count=40
12-05 03:09:33.608 23343 23343 I OrderViewModel: tax:0.8
12-05 03:09:33.609 23343 23343 I OrderViewModel: total:10.8
12-05 03:09:33.609 23343 23343 I OrderViewModel: subtotal:10.0
12-05 03:09:33.610 23343 23343 I OrderViewModel: accompaniment value:MenuItem(name=Lunch Roll, description=Fresh baked roll made in house, price=0.5, type=3)
12-05 03:09:33.856 23343 23343 I ViewInteraction: Checking 'MatchesViewAssertion{viewMatcher=an instance of android.widget.TextView and view.getText() with or without transformation to match: a string containing "Subtotal: $10.00"}' assertion on view view.getId() is <2131231217/com.example.lunchtray:id/subtotal>
12-05 03:09:33.860 23343 23343 I ViewInteraction: Performing 'single click' action on view view.getId() is <2131231081/com.example.lunchtray:id/next_button>
12-05 03:09:33.977 23343 23343 I OrderViewModel: tax:0.8
12-05 03:09:33.977 23343 23343 I OrderViewModel: total:10.8
12-05 03:09:34.244 23343 23343 I ViewInteraction: Checking 'MatchesViewAssertion{viewMatcher=an instance of android.widget.TextView and view.getText() with or without transformation to match: a string containing "Subtotal: $10.00"}' assertion on view view.getId() is <2131231217/com.example.lunchtray:id/subtotal>
12-05 03:09:34.245 23343 23362 I TestRunner: finished: subtotal_updates_in_full_order_flow(com.example.lunchtray.OrderFunctionalityTests)
